 **INTERNAL DEVELOPMENT** Open Watcom Linker Version 1.5beta1 Limited Availability
Portions Copyright (c) 1985-2002 Sybase, Inc. All Rights Reserved.
Created on:       11/05/01 10:13:01
Executable Image: gifhisto.exe
creating an OS/2 EMX executable


                        +------------+
                        |   Groups   |
                        +------------+

Group                           Address              Size
=====                           =======              ====

CGROUP                          0001:00000000        00007020
DGROUP                          0002:00000000        00000230



                        +--------------+
                        |   Segments   |
                        +--------------+

Segment                Class          Group          Address         Size
=======                =====          =====          =======         ====

TEXT32                 CODE           CGROUP         0001:00000000   00007020
________TEXT           CODE           CGROUP         0001:00007020   00000000
DATA32                 DATA           DGROUP         0002:00000000   00000168
SET1__os2dll           DATA           DGROUP         0002:00000168   00000004
SET2__os2dll           DATA           DGROUP         0002:0000016c   00000000
SET3__os2dll           DATA           DGROUP         0002:0000016c   00000004
SET1___CTOR_LIST__     DATA           DGROUP         0002:00000170   00000004
SET2___CTOR_LIST__     DATA           DGROUP         0002:00000174   00000000
SET3___CTOR_LIST__     DATA           DGROUP         0002:00000174   00000004
SET1___DTOR_LIST__     DATA           DGROUP         0002:00000178   00000004
SET2___DTOR_LIST__     DATA           DGROUP         0002:0000017c   00000000
SET3___DTOR_LIST__     DATA           DGROUP         0002:0000017c   00000004
SET1___crtinit1__      DATA           DGROUP         0002:00000180   00000004
SET2___crtinit1__      DATA           DGROUP         0002:00000184   00000000
SET3___crtinit1__      DATA           DGROUP         0002:00000184   00000004
SET1___crtexit1__      DATA           DGROUP         0002:00000188   00000004
SET2___crtexit1__      DATA           DGROUP         0002:0000018c   00000000
SET3___crtexit1__      DATA           DGROUP         0002:0000018c   00000004
SET1___eh_frame__      DATA           DGROUP         0002:00000190   00000004
SET2___eh_frame__      DATA           DGROUP         0002:00000194   00000008
SET3___eh_frame__      DATA           DGROUP         0002:0000019c   00000004
SET1___eh_init__       DATA           DGROUP         0002:000001a0   00000004
SET2___eh_init__       DATA           DGROUP         0002:000001a4   00000004
SET3___eh_init__       DATA           DGROUP         0002:000001a8   00000004
SET1___eh_term__       DATA           DGROUP         0002:000001ac   00000004
SET2___eh_term__       DATA           DGROUP         0002:000001b0   00000004
SET3___eh_term__       DATA           DGROUP         0002:000001b4   00000004
SET1___fork_parent1__  DATA           DGROUP         0002:000001b8   00000004
SET2___fork_parent1__  DATA           DGROUP         0002:000001bc   00000000
SET3___fork_parent1__  DATA           DGROUP         0002:000001bc   00000004
SET1___fork_child1__   DATA           DGROUP         0002:000001c0   00000004
SET2___fork_child1__   DATA           DGROUP         0002:000001c4   00000000
SET3___fork_child1__   DATA           DGROUP         0002:000001c4   00000004
________DATA           DATA           DGROUP         0002:000001d0   00000000
BSS32                  BSS            DGROUP         0002:000001d0   00000060
c_common               BSS            DGROUP         0002:00000230   00000000
________BSS            BSS            DGROUP         0002:00000230   00000000
STACK                  STACK          AUTO           0003:00000000   00100000


                        +----------------+
                        |   Memory Map   |
                        +----------------+

* = unreferenced symbol
+ = symbol only referenced locally

Address        Symbol
=======        ======

Module: U:\usr\lib\crt0wild.obj({standard input})
0001:00000000* __text
0002:00000000* __data
0002:00000000* ___data_start
0002:000001d0* ___bss_start
0002:00000168+ __os2dll
0002:00000170  ___CTOR_LIST__
0002:00000178  ___DTOR_LIST__
0002:00000180* ___crtinit1__
0002:00000188* ___crtexit1__
0002:00000190  ___eh_frame__
0002:000001a0  ___eh_init__
0002:000001ac  ___eh_term__
0002:000001b8+ ___fork_parent1__
0002:000001c0+ ___fork_child1__
Module: u:/tmp\ldconv_gifhisto_o_20d14dbd160c18cde8.obj(gifhisto.c)
0001:000001d5  _main
0001:000001d5* main
Module: U:\usr\lib\libend.lib(src/libend/386/endlink386.asm)
0002:00000230  _end
0002:000001d0  _edata
Module: U:\usr\lib\libend.lib(src/libend/386/end.asm)
0001:00007020* _etext
0001:00007020* __etext
0000:00000000  WEAK$ZERO
0002:00000230  __end
0002:000001d0  __edata
Module: U:\tmp\ldconv_gcc452_a_20d14dbd160c19eef8.lib(__main.obj)
0001:00000c70* ___do_global_dtors
0001:00000c7b* ___do_global_ctors
0001:00000c93  ___main
Module: U:\tmp\ldconv_gif_a_20d14dbd160c18f4f8.lib(qprintf.obj)
0001:00000cc0  _GifQprintf
0002:00000070  _GifQuietPrint
Module: U:\tmp\ldconv_libgetarg_a_20d14dbd160c197db0.lib(getarg.obj)
0001:00000d20  _GAGetArgs
0001:00001d28  _GAPrintErrMsg
0001:00001eaf  _GAPrintHowTo
Module: U:\tmp\ldconv_gif_a_20d14dbd160c18f4f8.lib(dgif_lib.obj)
0001:000023a0  _DGifOpenFileName
0001:000023f0  _DGifOpenFileHandle
0001:000027d5* _DGifGetScreenDesc
0001:00002609* _DGifOpen
0001:00002a4e  _DGifGetRecordType
0001:00002b4e  _DGifGetImageDesc
0001:00002f83  _DGifGetLine
0001:000034e9  _DGifGetCodeNext
0001:0000304a* _DGifGetPixel
0001:00003107  _DGifGetExtension
0001:000031cd  _DGifGetExtensionNext
0001:00003303  _DGifCloseFile
0001:0000349e  _DGifGetCode
0001:00003b0e* _DGifGetLZCodes
0001:00003ea6* _DGifSlurp
Module: U:\tmp\ldconv_gif_a_20d14dbd160c18f4f8.lib(egif_lib.obj)
0001:00004090* _EGifOpenFileName
0001:00004118  _EGifOpenFileHandle
0001:00004235* _EGifOpen
0001:0000433c* _EGifSetGifVersion
0001:0000435f  _EGifPutScreenDesc
0001:00004661  _EGifPutImageDesc
0001:0000499a  _EGifPutLine
0001:00004a58* _EGifPutPixel
0001:00004ae4* _EGifPutComment
0001:00004faf* _EGifPutExtension
0001:00004c26* _EGifPutExtensionFirst
0001:00004d7a* _EGifPutExtensionNext
0001:00004e62* _EGifPutExtensionLast
0001:0000515e* _EGifPutCode
0001:0000519e* _EGifPutCodeNext
0001:000052ca  _EGifCloseFile
0001:00005ba5* _EGifSpew
Module: U:\tmp\ldconv_gif_a_20d14dbd160c18f4f8.lib(gifalloc.obj)
0001:00005f90* _BitSize
0001:00005fb7  _MakeMapObject
0001:00006078  _FreeMapObject
0001:0000609f* _UnionColorMap
0001:0000632a* _ApplyTranslation
0001:00006371* _MakeExtension
0001:0000637f  _AddExtensionBlock
0001:00006473  _FreeExtension
0001:000064e5* _FreeLastSavedImage
0001:00006587* _MakeSavedImage
0001:0000678f  _FreeSavedImages
Module: U:\tmp\ldconv_gif_a_20d14dbd160c18f4f8.lib(gif_err.obj)
0001:00006850* _GifLastError
0001:00006aed  _PrintGifError
0002:00000200  __GifError
Module: U:\tmp\ldconv_gcc452_a_20d14dbd160c19eef8.lib(emx-ctordtor.obj)
0001:00006e10  ___ctordtorInit
0001:00006e42  ___ctordtorTerm
Module: U:\tmp\ldconv_gif_a_20d14dbd160c18f4f8.lib(gif_hash.obj)
0001:00006e80  __InitHashTable
0001:00006eb2  __ClearHashTable
0001:00006ed5  __InsertHashTable
0001:00006f32  __ExistsHashTable
Module: U:\tmp\ldconv_gcc452_a_20d14dbd160c19eef8.lib(emx-eh.obj)
0001:00006fb0  ___ehInit
0001:00006fe5* ___ehTerm


                        +----------------------+
                        |   Imported Symbols   |
                        +----------------------+

Symbol                              Module
======                              ======

___libc_ForkRegisterModule          libc063
___init_app                         libc063
__wildcard                          libc063
__CRT_init                          libc063
__atfork_callback                   libc063
___stderrp                          libc063
__std_exit                          libc063
__std_fprintf                       libc063
__std_malloc                        libc063
__std_free                          libc063
__std_printf                        libc063
___ctordtorInit1                    libc063
___ctordtorTerm1                    libc063
__std_atexit                        libc063
__std_vsprintf                      libc063
__std_fputs                         libc063
__std_strcpy                        libc063
__std_memcpy                        libc063
__std_strlen                        libc063
__std_sscanf                        libc063
__std_fwrite                        libc063
__std_fputc                         libc063
__std_open                          libc063
__std_close                         libc063
__std_memset                        libc063
__std_fdopen                        libc063
__std_fread                         libc063
__std_fclose                        libc063
__std_strncmp                       libc063
__std_realloc                       libc063
__std_strncpy                       libc063
__std_calloc                        libc063
__std_memcmp                        libc063
___register_frame_table             gcc452
___deregister_frame                 gcc452


                        +--------------------+
                        |   Libraries Used   |
                        +--------------------+

U:\tmp\ldconv_gif_a_20d14dbd160c18f4f8.lib
U:\tmp\ldconv_libgetarg_a_20d14dbd160c197db0.lib
U:\tmp\ldconv_gcc452_a_20d14dbd160c19eef8.lib
U:\usr\lib\libc_alias.lib
U:\usr\local452\lib\libc_dll.lib
U:\usr\lib\libend.lib


                        +-----------------------+
                        |   Linker Statistics   |
                        +-----------------------+

Stack size:  00100000 (1048576.)
Memory size:  00107250 (1077840.)
Entry point address: 0001:00000000
Link time: 00:00.31
